<?xml version="1.0" encoding="UTF-8"?>
<testsuites name="jest tests" tests="2" failures="1" errors="0" time="1.575">
  <testsuite name="USER UPDATE - /users/updateMe" errors="0" failures="1" skipped="1" timestamp="2025-05-04T22:01:41" time="1.426" tests="2">
    <testcase classname="USER UPDATE - /users/updateMe Should update the user and email" name="USER UPDATE - /users/updateMe Should update the user and email" time="0">
      <skipped/>
    </testcase>
    <testcase classname="USER UPDATE - /users/updateMe Should update the user and photo" name="USER UPDATE - /users/updateMe Should update the user and photo" time="0.002">
      <failure>Error: ENOENT: no such file or directory, open &apos;Desctop/Lecture/pasv_480.png&apos;</failure>
    </testcase>
  </testsuite>
</testsuites>